// Vitest Snapshot v1, https://vitest.dev/guide/snapshot.html

exports[`KeyboardShortcuts – Aktionen > Duplizieren und Kopieren/Einfügen (Text + Bild) 1`] = `
[
  "cm.addText("Hallo", {"relX":0.15000000000000002,"relY":0.25,"fontSize":30,"fontFamily":"Arial","color":"#fff","align":"center","fontWeight":"bold","fontStyle":"normal","textDecoration":"none","shadow":{"blur":2}})",
  "cm.addText("Hallo", {"type":"text","text":"Hallo","relX":0.15000000000000002,"relY":0.25,"fontSize":30,"fontFamily":"Arial","color":"#fff","align":"center","fontWeight":"bold","fontStyle":"normal","textDecoration":"none","shadow":{"blur":2},"extra":"x"})",
  "mim.addImage({"type":"image","id":"777_dup","relX":0.35,"relY":0.45,"relWidth":0.2,"src":"a.png"})",
  "mim.addImage({"type":"image","id":"777_paste","relX":0.35,"relY":0.45,"relWidth":0.2,"src":"a.png"})",
]
`;

exports[`KeyboardShortcuts – Aktionen > Größe ändern mit Seitenverhältnis und Mindestgröße – nur Bilder 1`] = `
[
  [
    0.44,
    0.11,
  ],
  [
    0.28,
    0.07,
  ],
  [
    0.285,
    0.07125,
  ],
  [
    0.265,
    0.06625,
  ],
  [
    0.02,
    0.02,
  ],
]
`;

exports[`KeyboardShortcuts – Aktionen > Shortcut-Liste und Konsolenausgabe 1`] = `
{
  "Editing": {
    "Ctrl+Shift+Z / Ctrl+Y": "Redo",
    "Ctrl+Z": "Undo",
  },
  "Object Manipulation": {
    "Ctrl+C": "Copy selected object",
    "Ctrl+D": "Duplicate selected object",
    "Ctrl+Shift+↑/↓/←/→": "Resize selected object (20px)",
    "Ctrl+V": "Paste copied object",
    "Ctrl+↑/↓/←/→": "Resize selected object (5px)",
    "Delete/Backspace": "Delete selected object",
    "Shift+↑/↓/←/→": "Move selected object (20px)",
    "↑/↓/←/→": "Move selected object (5px)",
  },
  "Player": {
    "M": "Mute/Unmute",
    "Space": "Play/Pause",
    "←/→": "Previous/Next Track (when no object selected)",
  },
  "Recording": {
    "P": "Prepare Recording",
    "R": "Start/Stop Recording",
  },
  "View": {
    "?": "Show Keyboard Shortcuts Help",
    "Escape": "Deselect all",
    "G": "Toggle Grid",
  },
}
`;

exports[`KeyboardShortcuts – Aktionen > Shortcut-Liste und Konsolenausgabe 2`] = `
[
  "⌨️ [KeyboardShortcuts] Initialisiert",
  "⌨️ Keyboard Shortcuts:",
  "━━━━━━━━━━━━━━━━━━━━━━━━━━━━━━━━━━",
  "
Player:",
  "  Space                     - Play/Pause",
  "  M                         - Mute/Unmute",
  "  ←/→                       - Previous/Next Track (when no object selected)",
  "
Object Manipulation:",
  "  Delete/Backspace          - Delete selected object",
  "  Ctrl+D                    - Duplicate selected object",
  "  Ctrl+C                    - Copy selected object",
  "  Ctrl+V                    - Paste copied object",
  "  ↑/↓/←/→                   - Move selected object (5px)",
  "  Shift+↑/↓/←/→             - Move selected object (20px)",
  "  Ctrl+↑/↓/←/→              - Resize selected object (5px)",
  "  Ctrl+Shift+↑/↓/←/→        - Resize selected object (20px)",
  "
Recording:",
  "  P                         - Prepare Recording",
  "  R                         - Start/Stop Recording",
  "
View:",
  "  G                         - Toggle Grid",
  "  Escape                    - Deselect all",
  "  ?                         - Show Keyboard Shortcuts Help",
  "
Editing:",
  "  Ctrl+Z                    - Undo",
  "  Ctrl+Shift+Z / Ctrl+Y     - Redo",
  "
━━━━━━━━━━━━━━━━━━━━━━━━━━━━━━━━━━",
]
`;

exports[`KeyboardShortcuts – Zuordnung Taste → Aktion > vollständige Tabelle (Taste × Modifikatoren × Zustand) 1`] = `
[
  "leer       none       "a"          → openTextEditorWithChar(a) [prevent]",
  "leer       none       "A"          → openTextEditorWithChar(A) [prevent]",
  "leer       none       "m"          → toggleMute() [prevent]",
  "leer       none       "M"          → toggleMute() [prevent]",
  "leer       none       "r"          → toggleRecording() [prevent]",
  "leer       none       "p"          → prepareRecording() [prevent]",
  "leer       none       "g"          → toggleGrid() [prevent]",
  "leer       none       "?"          → showHelp() [prevent]",
  "leer       none       " "          → togglePlayPause() [prevent]",
  "leer       none       "d"          → openTextEditorWithChar(d) [prevent]",
  "leer       none       "c"          → openTextEditorWithChar(c) [prevent]",
  "leer       none       "v"          → openTextEditorWithChar(v) [prevent]",
  "leer       none       "z"          → openTextEditorWithChar(z) [prevent]",
  "leer       none       "Z"          → openTextEditorWithChar(Z) [prevent]",
  "leer       none       "y"          → openTextEditorWithChar(y) [prevent]",
  "leer       none       "1"          → openTextEditorWithChar(1) [prevent]",
  "leer       none       "ä"          → openTextEditorWithChar(ä) [prevent]",
  "leer       none       "ArrowUp"    → –",
  "leer       none       "ArrowDown"  → –",
  "leer       none       "ArrowLeft"  → previousTrack() [prevent]",
  "leer       none       "ArrowRight" → nextTrack() [prevent]",
  "leer       none       "Delete"     → –",
  "leer       none       "Backspace"  → –",
  "leer       none       "Escape"     → deselectAll() [prevent]",
  "leer       none       "Enter"      → –",
  "leer       none       "Tab"        → –",
  "leer       ctrl       "a"          → –",
  "leer       ctrl       "A"          → –",
  "leer       ctrl       "m"          → –",
  "leer       ctrl       "M"          → –",
  "leer       ctrl       "r"          → –",
  "leer       ctrl       "p"          → –",
  "leer       ctrl       "g"          → –",
  "leer       ctrl       "?"          → –",
  "leer       ctrl       " "          → togglePlayPause() [prevent]",
  "leer       ctrl       "d"          → –",
  "leer       ctrl       "c"          → –",
  "leer       ctrl       "v"          → –",
  "leer       ctrl       "z"          → undo() [prevent]",
  "leer       ctrl       "Z"          → undo() [prevent]",
  "leer       ctrl       "y"          → redo() [prevent]",
  "leer       ctrl       "1"          → –",
  "leer       ctrl       "ä"          → –",
  "leer       ctrl       "ArrowUp"    → –",
  "leer       ctrl       "ArrowDown"  → –",
  "leer       ctrl       "ArrowLeft"  → previousTrack() [prevent]",
  "leer       ctrl       "ArrowRight" → nextTrack() [prevent]",
  "leer       ctrl       "Delete"     → –",
  "leer       ctrl       "Backspace"  → –",
  "leer       ctrl       "Escape"     → deselectAll() [prevent]",
  "leer       ctrl       "Enter"      → –",
  "leer       ctrl       "Tab"        → –",
  "leer       meta       "a"          → –",
  "leer       meta       "A"          → –",
  "leer       meta       "m"          → –",
  "leer       meta       "M"          → –",
  "leer       meta       "r"          → –",
  "leer       meta       "p"          → –",
  "leer       meta       "g"          → –",
  "leer       meta       "?"          → –",
  "leer       meta       " "          → togglePlayPause() [prevent]",
  "leer       meta       "d"          → –",
  "leer       meta       "c"          → –",
  "leer       meta       "v"          → –",
  "leer       meta       "z"          → undo() [prevent]",
  "leer       meta       "Z"          → undo() [prevent]",
  "leer       meta       "y"          → redo() [prevent]",
  "leer       meta       "1"          → –",
  "leer       meta       "ä"          → –",
  "leer       meta       "ArrowUp"    → –",
  "leer       meta       "ArrowDown"  → –",
  "leer       meta       "ArrowLeft"  → previousTrack() [prevent]",
  "leer       meta       "ArrowRight" → nextTrack() [prevent]",
  "leer       meta       "Delete"     → –",
  "leer       meta       "Backspace"  → –",
  "leer       meta       "Escape"     → deselectAll() [prevent]",
  "leer       meta       "Enter"      → –",
  "leer       meta       "Tab"        → –",
  "leer       shift      "a"          → –",
  "leer       shift      "A"          → –",
  "leer       shift      "m"          → –",
  "leer       shift      "M"          → –",
  "leer       shift      "r"          → –",
  "leer       shift      "p"          → –",
  "leer       shift      "g"          → –",
  "leer       shift      "?"          → –",
  "leer       shift      " "          → togglePlayPause() [prevent]",
  "leer       shift      "d"          → –",
  "leer       shift      "c"          → –",
  "leer       shift      "v"          → –",
  "leer       shift      "z"          → –",
  "leer       shift      "Z"          → –",
  "leer       shift      "y"          → –",
  "leer       shift      "1"          → –",
  "leer       shift      "ä"          → –",
  "leer       shift      "ArrowUp"    → –",
  "leer       shift      "ArrowDown"  → –",
  "leer       shift      "ArrowLeft"  → previousTrack() [prevent]",
  "leer       shift      "ArrowRight" → nextTrack() [prevent]",
  "leer       shift      "Delete"     → –",
  "leer       shift      "Backspace"  → –",
  "leer       shift      "Escape"     → deselectAll() [prevent]",
  "leer       shift      "Enter"      → –",
  "leer       shift      "Tab"        → –",
  "leer       alt        "a"          → –",
  "leer       alt        "A"          → –",
  "leer       alt        "m"          → toggleMute() [prevent]",
  "leer       alt        "M"          → toggleMute() [prevent]",
  "leer       alt        "r"          → toggleRecording() [prevent]",
  "leer       alt        "p"          → prepareRecording() [prevent]",
  "leer       alt        "g"          → toggleGrid() [prevent]",
  "leer       alt        "?"          → showHelp() [prevent]",
  "leer       alt        " "          → togglePlayPause() [prevent]",
  "leer       alt        "d"          → –",
  "leer       alt        "c"          → –",
  "leer       alt        "v"          → –",
  "leer       alt        "z"          → –",
  "leer       alt        "Z"          → –",
  "leer       alt        "y"          → –",
  "leer       alt        "1"          → –",
  "leer       alt        "ä"          → –",
  "leer       alt        "ArrowUp"    → –",
  "leer       alt        "ArrowDown"  → –",
  "leer       alt        "ArrowLeft"  → previousTrack() [prevent]",
  "leer       alt        "ArrowRight" → nextTrack() [prevent]",
  "leer       alt        "Delete"     → –",
  "leer       alt        "Backspace"  → –",
  "leer       alt        "Escape"     → deselectAll() [prevent]",
  "leer       alt        "Enter"      → –",
  "leer       alt        "Tab"        → –",
  "leer       ctrl+shift "a"          → –",
  "leer       ctrl+shift "A"          → –",
  "leer       ctrl+shift "m"          → –",
  "leer       ctrl+shift "M"          → –",
  "leer       ctrl+shift "r"          → –",
  "leer       ctrl+shift "p"          → –",
  "leer       ctrl+shift "g"          → –",
  "leer       ctrl+shift "?"          → –",
  "leer       ctrl+shift " "          → togglePlayPause() [prevent]",
  "leer       ctrl+shift "d"          → –",
  "leer       ctrl+shift "c"          → –",
  "leer       ctrl+shift "v"          → –",
  "leer       ctrl+shift "z"          → redo() [prevent]",
  "leer       ctrl+shift "Z"          → redo() [prevent]",
  "leer       ctrl+shift "y"          → redo() [prevent]",
  "leer       ctrl+shift "1"          → –",
  "leer       ctrl+shift "ä"          → –",
  "leer       ctrl+shift "ArrowUp"    → –",
  "leer       ctrl+shift "ArrowDown"  → –",
  "leer       ctrl+shift "ArrowLeft"  → previousTrack() [prevent]",
  "leer       ctrl+shift "ArrowRight" → nextTrack() [prevent]",
  "leer       ctrl+shift "Delete"     → –",
  "leer       ctrl+shift "Backspace"  → –",
  "leer       ctrl+shift "Escape"     → deselectAll() [prevent]",
  "leer       ctrl+shift "Enter"      → –",
  "leer       ctrl+shift "Tab"        → –",
  "leer       ctrl+alt   "a"          → –",
  "leer       ctrl+alt   "A"          → –",
  "leer       ctrl+alt   "m"          → –",
  "leer       ctrl+alt   "M"          → –",
  "leer       ctrl+alt   "r"          → –",
  "leer       ctrl+alt   "p"          → –",
  "leer       ctrl+alt   "g"          → –",
  "leer       ctrl+alt   "?"          → –",
  "leer       ctrl+alt   " "          → togglePlayPause() [prevent]",
  "leer       ctrl+alt   "d"          → –",
  "leer       ctrl+alt   "c"          → –",
  "leer       ctrl+alt   "v"          → –",
  "leer       ctrl+alt   "z"          → undo() [prevent]",
  "leer       ctrl+alt   "Z"          → undo() [prevent]",
  "leer       ctrl+alt   "y"          → redo() [prevent]",
  "leer       ctrl+alt   "1"          → –",
  "leer       ctrl+alt   "ä"          → –",
  "leer       ctrl+alt   "ArrowUp"    → –",
  "leer       ctrl+alt   "ArrowDown"  → –",
  "leer       ctrl+alt   "ArrowLeft"  → previousTrack() [prevent]",
  "leer       ctrl+alt   "ArrowRight" → nextTrack() [prevent]",
  "leer       ctrl+alt   "Delete"     → –",
  "leer       ctrl+alt   "Backspace"  → –",
  "leer       ctrl+alt   "Escape"     → deselectAll() [prevent]",
  "leer       ctrl+alt   "Enter"      → –",
  "leer       ctrl+alt   "Tab"        → –",
  "text       none       "a"          → –",
  "text       none       "A"          → –",
  "text       none       "m"          → toggleMute() [prevent]",
  "text       none       "M"          → toggleMute() [prevent]",
  "text       none       "r"          → toggleRecording() [prevent]",
  "text       none       "p"          → prepareRecording() [prevent]",
  "text       none       "g"          → toggleGrid() [prevent]",
  "text       none       "?"          → showHelp() [prevent]",
  "text       none       " "          → togglePlayPause() [prevent]",
  "text       none       "d"          → –",
  "text       none       "c"          → –",
  "text       none       "v"          → –",
  "text       none       "z"          → –",
  "text       none       "Z"          → –",
  "text       none       "y"          → –",
  "text       none       "1"          → –",
  "text       none       "ä"          → –",
  "text       none       "ArrowUp"    → moveSelectedObject("arrowup", false) [prevent]",
  "text       none       "ArrowDown"  → moveSelectedObject("arrowdown", false) [prevent]",
  "text       none       "ArrowLeft"  → moveSelectedObject("arrowleft", false) [prevent]",
  "text       none       "ArrowRight" → moveSelectedObject("arrowright", false) [prevent]",
  "text       none       "Delete"     → deleteSelectedObject() [prevent]",
  "text       none       "Backspace"  → deleteSelectedObject() [prevent]",
  "text       none       "Escape"     → deselectAll() [prevent]",
  "text       none       "Enter"      → –",
  "text       none       "Tab"        → –",
  "text       ctrl       "a"          → –",
  "text       ctrl       "A"          → –",
  "text       ctrl       "m"          → –",
  "text       ctrl       "M"          → –",
  "text       ctrl       "r"          → –",
  "text       ctrl       "p"          → –",
  "text       ctrl       "g"          → –",
  "text       ctrl       "?"          → –",
  "text       ctrl       " "          → togglePlayPause() [prevent]",
  "text       ctrl       "d"          → duplicateSelectedObject() [prevent]",
  "text       ctrl       "c"          → copySelectedObject() [prevent]",
  "text       ctrl       "v"          → –",
  "text       ctrl       "z"          → undo() [prevent]",
  "text       ctrl       "Z"          → undo() [prevent]",
  "text       ctrl       "y"          → redo() [prevent]",
  "text       ctrl       "1"          → –",
  "text       ctrl       "ä"          → –",
  "text       ctrl       "ArrowUp"    → resizeSelectedObject("arrowup", false) [prevent]",
  "text       ctrl       "ArrowDown"  → resizeSelectedObject("arrowdown", false) [prevent]",
  "text       ctrl       "ArrowLeft"  → resizeSelectedObject("arrowleft", false) [prevent]",
  "text       ctrl       "ArrowRight" → resizeSelectedObject("arrowright", false) [prevent]",
  "text       ctrl       "Delete"     → deleteSelectedObject() [prevent]",
  "text       ctrl       "Backspace"  → deleteSelectedObject() [prevent]",
  "text       ctrl       "Escape"     → deselectAll() [prevent]",
  "text       ctrl       "Enter"      → –",
  "text       ctrl       "Tab"        → –",
  "text       meta       "a"          → –",
  "text       meta       "A"          → –",
  "text       meta       "m"          → –",
  "text       meta       "M"          → –",
  "text       meta       "r"          → –",
  "text       meta       "p"          → –",
  "text       meta       "g"          → –",
  "text       meta       "?"          → –",
  "text       meta       " "          → togglePlayPause() [prevent]",
  "text       meta       "d"          → duplicateSelectedObject() [prevent]",
  "text       meta       "c"          → copySelectedObject() [prevent]",
  "text       meta       "v"          → –",
  "text       meta       "z"          → undo() [prevent]",
  "text       meta       "Z"          → undo() [prevent]",
  "text       meta       "y"          → redo() [prevent]",
  "text       meta       "1"          → –",
  "text       meta       "ä"          → –",
  "text       meta       "ArrowUp"    → resizeSelectedObject("arrowup", false) [prevent]",
  "text       meta       "ArrowDown"  → resizeSelectedObject("arrowdown", false) [prevent]",
  "text       meta       "ArrowLeft"  → resizeSelectedObject("arrowleft", false) [prevent]",
  "text       meta       "ArrowRight" → resizeSelectedObject("arrowright", false) [prevent]",
  "text       meta       "Delete"     → deleteSelectedObject() [prevent]",
  "text       meta       "Backspace"  → deleteSelectedObject() [prevent]",
  "text       meta       "Escape"     → deselectAll() [prevent]",
  "text       meta       "Enter"      → –",
  "text       meta       "Tab"        → –",
  "text       shift      "a"          → –",
  "text       shift      "A"          → –",
  "text       shift      "m"          → –",
  "text       shift      "M"          → –",
  "text       shift      "r"          → –",
  "text       shift      "p"          → –",
  "text       shift      "g"          → –",
  "text       shift      "?"          → –",
  "text       shift      " "          → togglePlayPause() [prevent]",
  "text       shift      "d"          → –",
  "text       shift      "c"          → –",
  "text       shift      "v"          → –",
  "text       shift      "z"          → –",
  "text       shift      "Z"          → –",
  "text       shift      "y"          → –",
  "text       shift      "1"          → –",
  "text       shift      "ä"          → –",
  "text       shift      "ArrowUp"    → moveSelectedObject("arrowup", true) [prevent]",
  "text       shift      "ArrowDown"  → moveSelectedObject("arrowdown", true) [prevent]",
  "text       shift      "ArrowLeft"  → moveSelectedObject("arrowleft", true) [prevent]",
  "text       shift      "ArrowRight" → moveSelectedObject("arrowright", true) [prevent]",
  "text       shift      "Delete"     → deleteSelectedObject() [prevent]",
  "text       shift      "Backspace"  → deleteSelectedObject() [prevent]",
  "text       shift      "Escape"     → deselectAll() [prevent]",
  "text       shift      "Enter"      → –",
  "text       shift      "Tab"        → –",
  "text       alt        "a"          → –",
  "text       alt        "A"          → –",
  "text       alt        "m"          → toggleMute() [prevent]",
  "text       alt        "M"          → toggleMute() [prevent]",
  "text       alt        "r"          → toggleRecording() [prevent]",
  "text       alt        "p"          → prepareRecording() [prevent]",
  "text       alt        "g"          → toggleGrid() [prevent]",
  "text       alt        "?"          → showHelp() [prevent]",
  "text       alt        " "          → togglePlayPause() [prevent]",
  "text       alt        "d"          → –",
  "text       alt        "c"          → –",
  "text       alt        "v"          → –",
  "text       alt        "z"          → –",
  "text       alt        "Z"          → –",
  "text       alt        "y"          → –",
  "text       alt        "1"          → –",
  "text       alt        "ä"          → –",
  "text       alt        "ArrowUp"    → moveSelectedObject("arrowup", false) [prevent]",
  "text       alt        "ArrowDown"  → moveSelectedObject("arrowdown", false) [prevent]",
  "text       alt        "ArrowLeft"  → moveSelectedObject("arrowleft", false) [prevent]",
  "text       alt        "ArrowRight" → moveSelectedObject("arrowright", false) [prevent]",
  "text       alt        "Delete"     → deleteSelectedObject() [prevent]",
  "text       alt        "Backspace"  → deleteSelectedObject() [prevent]",
  "text       alt        "Escape"     → deselectAll() [prevent]",
  "text       alt        "Enter"      → –",
  "text       alt        "Tab"        → –",
  "text       ctrl+shift "a"          → –",
  "text       ctrl+shift "A"          → –",
  "text       ctrl+shift "m"          → –",
  "text       ctrl+shift "M"          → –",
  "text       ctrl+shift "r"          → –",
  "text       ctrl+shift "p"          → –",
  "text       ctrl+shift "g"          → –",
  "text       ctrl+shift "?"          → –",
  "text       ctrl+shift " "          → togglePlayPause() [prevent]",
  "text       ctrl+shift "d"          → duplicateSelectedObject() [prevent]",
  "text       ctrl+shift "c"          → copySelectedObject() [prevent]",
  "text       ctrl+shift "v"          → –",
  "text       ctrl+shift "z"          → redo() [prevent]",
  "text       ctrl+shift "Z"          → redo() [prevent]",
  "text       ctrl+shift "y"          → redo() [prevent]",
  "text       ctrl+shift "1"          → –",
  "text       ctrl+shift "ä"          → –",
  "text       ctrl+shift "ArrowUp"    → resizeSelectedObject("arrowup", true) [prevent]",
  "text       ctrl+shift "ArrowDown"  → resizeSelectedObject("arrowdown", true) [prevent]",
  "text       ctrl+shift "ArrowLeft"  → resizeSelectedObject("arrowleft", true) [prevent]",
  "text       ctrl+shift "ArrowRight" → resizeSelectedObject("arrowright", true) [prevent]",
  "text       ctrl+shift "Delete"     → deleteSelectedObject() [prevent]",
  "text       ctrl+shift "Backspace"  → deleteSelectedObject() [prevent]",
  "text       ctrl+shift "Escape"     → deselectAll() [prevent]",
  "text       ctrl+shift "Enter"      → –",
  "text       ctrl+shift "Tab"        → –",
  "text       ctrl+alt   "a"          → –",
  "text       ctrl+alt   "A"          → –",
  "text       ctrl+alt   "m"          → –",
  "text       ctrl+alt   "M"          → –",
  "text       ctrl+alt   "r"          → –",
  "text       ctrl+alt   "p"          → –",
  "text       ctrl+alt   "g"          → –",
  "text       ctrl+alt   "?"          → –",
  "text       ctrl+alt   " "          → togglePlayPause() [prevent]",
  "text       ctrl+alt   "d"          → duplicateSelectedObject() [prevent]",
  "text       ctrl+alt   "c"          → copySelectedObject() [prevent]",
  "text       ctrl+alt   "v"          → –",
  "text       ctrl+alt   "z"          → undo() [prevent]",
  "text       ctrl+alt   "Z"          → undo() [prevent]",
  "text       ctrl+alt   "y"          → redo() [prevent]",
  "text       ctrl+alt   "1"          → –",
  "text       ctrl+alt   "ä"          → –",
  "text       ctrl+alt   "ArrowUp"    → resizeSelectedObject("arrowup", false) [prevent]",
  "text       ctrl+alt   "ArrowDown"  → resizeSelectedObject("arrowdown", false) [prevent]",
  "text       ctrl+alt   "ArrowLeft"  → resizeSelectedObject("arrowleft", false) [prevent]",
  "text       ctrl+alt   "ArrowRight" → resizeSelectedObject("arrowright", false) [prevent]",
  "text       ctrl+alt   "Delete"     → deleteSelectedObject() [prevent]",
  "text       ctrl+alt   "Backspace"  → deleteSelectedObject() [prevent]",
  "text       ctrl+alt   "Escape"     → deselectAll() [prevent]",
  "text       ctrl+alt   "Enter"      → –",
  "text       ctrl+alt   "Tab"        → –",
  "bild       none       "a"          → –",
  "bild       none       "A"          → –",
  "bild       none       "m"          → toggleMute() [prevent]",
  "bild       none       "M"          → toggleMute() [prevent]",
  "bild       none       "r"          → toggleRecording() [prevent]",
  "bild       none       "p"          → prepareRecording() [prevent]",
  "bild       none       "g"          → toggleGrid() [prevent]",
  "bild       none       "?"          → showHelp() [prevent]",
  "bild       none       " "          → togglePlayPause() [prevent]",
  "bild       none       "d"          → –",
  "bild       none       "c"          → –",
  "bild       none       "v"          → –",
  "bild       none       "z"          → –",
  "bild       none       "Z"          → –",
  "bild       none       "y"          → –",
  "bild       none       "1"          → –",
  "bild       none       "ä"          → –",
  "bild       none       "ArrowUp"    → moveSelectedObject("arrowup", false) [prevent]",
  "bild       none       "ArrowDown"  → moveSelectedObject("arrowdown", false) [prevent]",
  "bild       none       "ArrowLeft"  → moveSelectedObject("arrowleft", false) [prevent]",
  "bild       none       "ArrowRight" → moveSelectedObject("arrowright", false) [prevent]",
  "bild       none       "Delete"     → deleteSelectedObject() [prevent]",
  "bild       none       "Backspace"  → deleteSelectedObject() [prevent]",
  "bild       none       "Escape"     → deselectAll() [prevent]",
  "bild       none       "Enter"      → –",
  "bild       none       "Tab"        → –",
  "bild       ctrl       "a"          → –",
  "bild       ctrl       "A"          → –",
  "bild       ctrl       "m"          → –",
  "bild       ctrl       "M"          → –",
  "bild       ctrl       "r"          → –",
  "bild       ctrl       "p"          → –",
  "bild       ctrl       "g"          → –",
  "bild       ctrl       "?"          → –",
  "bild       ctrl       " "          → togglePlayPause() [prevent]",
  "bild       ctrl       "d"          → duplicateSelectedObject() [prevent]",
  "bild       ctrl       "c"          → copySelectedObject() [prevent]",
  "bild       ctrl       "v"          → –",
  "bild       ctrl       "z"          → undo() [prevent]",
  "bild       ctrl       "Z"          → undo() [prevent]",
  "bild       ctrl       "y"          → redo() [prevent]",
  "bild       ctrl       "1"          → –",
  "bild       ctrl       "ä"          → –",
  "bild       ctrl       "ArrowUp"    → resizeSelectedObject("arrowup", false) [prevent]",
  "bild       ctrl       "ArrowDown"  → resizeSelectedObject("arrowdown", false) [prevent]",
  "bild       ctrl       "ArrowLeft"  → resizeSelectedObject("arrowleft", false) [prevent]",
  "bild       ctrl       "ArrowRight" → resizeSelectedObject("arrowright", false) [prevent]",
  "bild       ctrl       "Delete"     → deleteSelectedObject() [prevent]",
  "bild       ctrl       "Backspace"  → deleteSelectedObject() [prevent]",
  "bild       ctrl       "Escape"     → deselectAll() [prevent]",
  "bild       ctrl       "Enter"      → –",
  "bild       ctrl       "Tab"        → –",
  "bild       meta       "a"          → –",
  "bild       meta       "A"          → –",
  "bild       meta       "m"          → –",
  "bild       meta       "M"          → –",
  "bild       meta       "r"          → –",
  "bild       meta       "p"          → –",
  "bild       meta       "g"          → –",
  "bild       meta       "?"          → –",
  "bild       meta       " "          → togglePlayPause() [prevent]",
  "bild       meta       "d"          → duplicateSelectedObject() [prevent]",
  "bild       meta       "c"          → copySelectedObject() [prevent]",
  "bild       meta       "v"          → –",
  "bild       meta       "z"          → undo() [prevent]",
  "bild       meta       "Z"          → undo() [prevent]",
  "bild       meta       "y"          → redo() [prevent]",
  "bild       meta       "1"          → –",
  "bild       meta       "ä"          → –",
  "bild       meta       "ArrowUp"    → resizeSelectedObject("arrowup", false) [prevent]",
  "bild       meta       "ArrowDown"  → resizeSelectedObject("arrowdown", false) [prevent]",
  "bild       meta       "ArrowLeft"  → resizeSelectedObject("arrowleft", false) [prevent]",
  "bild       meta       "ArrowRight" → resizeSelectedObject("arrowright", false) [prevent]",
  "bild       meta       "Delete"     → deleteSelectedObject() [prevent]",
  "bild       meta       "Backspace"  → deleteSelectedObject() [prevent]",
  "bild       meta       "Escape"     → deselectAll() [prevent]",
  "bild       meta       "Enter"      → –",
  "bild       meta       "Tab"        → –",
  "bild       shift      "a"          → –",
  "bild       shift      "A"          → –",
  "bild       shift      "m"          → –",
  "bild       shift      "M"          → –",
  "bild       shift      "r"          → –",
  "bild       shift      "p"          → –",
  "bild       shift      "g"          → –",
  "bild       shift      "?"          → –",
  "bild       shift      " "          → togglePlayPause() [prevent]",
  "bild       shift      "d"          → –",
  "bild       shift      "c"          → –",
  "bild       shift      "v"          → –",
  "bild       shift      "z"          → –",
  "bild       shift      "Z"          → –",
  "bild       shift      "y"          → –",
  "bild       shift      "1"          → –",
  "bild       shift      "ä"          → –",
  "bild       shift      "ArrowUp"    → moveSelectedObject("arrowup", true) [prevent]",
  "bild       shift      "ArrowDown"  → moveSelectedObject("arrowdown", true) [prevent]",
  "bild       shift      "ArrowLeft"  → moveSelectedObject("arrowleft", true) [prevent]",
  "bild       shift      "ArrowRight" → moveSelectedObject("arrowright", true) [prevent]",
  "bild       shift      "Delete"     → deleteSelectedObject() [prevent]",
  "bild       shift      "Backspace"  → deleteSelectedObject() [prevent]",
  "bild       shift      "Escape"     → deselectAll() [prevent]",
  "bild       shift      "Enter"      → –",
  "bild       shift      "Tab"        → –",
  "bild       alt        "a"          → –",
  "bild       alt        "A"          → –",
  "bild       alt        "m"          → toggleMute() [prevent]",
  "bild       alt        "M"          → toggleMute() [prevent]",
  "bild       alt        "r"          → toggleRecording() [prevent]",
  "bild       alt        "p"          → prepareRecording() [prevent]",
  "bild       alt        "g"          → toggleGrid() [prevent]",
  "bild       alt        "?"          → showHelp() [prevent]",
  "bild       alt        " "          → togglePlayPause() [prevent]",
  "bild       alt        "d"          → –",
  "bild       alt        "c"          → –",
  "bild       alt        "v"          → –",
  "bild       alt        "z"          → –",
  "bild       alt        "Z"          → –",
  "bild       alt        "y"          → –",
  "bild       alt        "1"          → –",
  "bild       alt        "ä"          → –",
  "bild       alt        "ArrowUp"    → moveSelectedObject("arrowup", false) [prevent]",
  "bild       alt        "ArrowDown"  → moveSelectedObject("arrowdown", false) [prevent]",
  "bild       alt        "ArrowLeft"  → moveSelectedObject("arrowleft", false) [prevent]",
  "bild       alt        "ArrowRight" → moveSelectedObject("arrowright", false) [prevent]",
  "bild       alt        "Delete"     → deleteSelectedObject() [prevent]",
  "bild       alt        "Backspace"  → deleteSelectedObject() [prevent]",
  "bild       alt        "Escape"     → deselectAll() [prevent]",
  "bild       alt        "Enter"      → –",
  "bild       alt        "Tab"        → –",
  "bild       ctrl+shift "a"          → –",
  "bild       ctrl+shift "A"          → –",
  "bild       ctrl+shift "m"          → –",
  "bild       ctrl+shift "M"          → –",
  "bild       ctrl+shift "r"          → –",
  "bild       ctrl+shift "p"          → –",
  "bild       ctrl+shift "g"          → –",
  "bild       ctrl+shift "?"          → –",
  "bild       ctrl+shift " "          → togglePlayPause() [prevent]",
  "bild       ctrl+shift "d"          → duplicateSelectedObject() [prevent]",
  "bild       ctrl+shift "c"          → copySelectedObject() [prevent]",
  "bild       ctrl+shift "v"          → –",
  "bild       ctrl+shift "z"          → redo() [prevent]",
  "bild       ctrl+shift "Z"          → redo() [prevent]",
  "bild       ctrl+shift "y"          → redo() [prevent]",
  "bild       ctrl+shift "1"          → –",
  "bild       ctrl+shift "ä"          → –",
  "bild       ctrl+shift "ArrowUp"    → resizeSelectedObject("arrowup", true) [prevent]",
  "bild       ctrl+shift "ArrowDown"  → resizeSelectedObject("arrowdown", true) [prevent]",
  "bild       ctrl+shift "ArrowLeft"  → resizeSelectedObject("arrowleft", true) [prevent]",
  "bild       ctrl+shift "ArrowRight" → resizeSelectedObject("arrowright", true) [prevent]",
  "bild       ctrl+shift "Delete"     → deleteSelectedObject() [prevent]",
  "bild       ctrl+shift "Backspace"  → deleteSelectedObject() [prevent]",
  "bild       ctrl+shift "Escape"     → deselectAll() [prevent]",
  "bild       ctrl+shift "Enter"      → –",
  "bild       ctrl+shift "Tab"        → –",
  "bild       ctrl+alt   "a"          → –",
  "bild       ctrl+alt   "A"          → –",
  "bild       ctrl+alt   "m"          → –",
  "bild       ctrl+alt   "M"          → –",
  "bild       ctrl+alt   "r"          → –",
  "bild       ctrl+alt   "p"          → –",
  "bild       ctrl+alt   "g"          → –",
  "bild       ctrl+alt   "?"          → –",
  "bild       ctrl+alt   " "          → togglePlayPause() [prevent]",
  "bild       ctrl+alt   "d"          → duplicateSelectedObject() [prevent]",
  "bild       ctrl+alt   "c"          → copySelectedObject() [prevent]",
  "bild       ctrl+alt   "v"          → –",
  "bild       ctrl+alt   "z"          → undo() [prevent]",
  "bild       ctrl+alt   "Z"          → undo() [prevent]",
  "bild       ctrl+alt   "y"          → redo() [prevent]",
  "bild       ctrl+alt   "1"          → –",
  "bild       ctrl+alt   "ä"          → –",
  "bild       ctrl+alt   "ArrowUp"    → resizeSelectedObject("arrowup", false) [prevent]",
  "bild       ctrl+alt   "ArrowDown"  → resizeSelectedObject("arrowdown", false) [prevent]",
  "bild       ctrl+alt   "ArrowLeft"  → resizeSelectedObject("arrowleft", false) [prevent]",
  "bild       ctrl+alt   "ArrowRight" → resizeSelectedObject("arrowright", false) [prevent]",
  "bild       ctrl+alt   "Delete"     → deleteSelectedObject() [prevent]",
  "bild       ctrl+alt   "Backspace"  → deleteSelectedObject() [prevent]",
  "bild       ctrl+alt   "Escape"     → deselectAll() [prevent]",
  "bild       ctrl+alt   "Enter"      → –",
  "bild       ctrl+alt   "Tab"        → –",
  "leer+kopie none       "a"          → openTextEditorWithChar(a) [prevent]",
  "leer+kopie none       "A"          → openTextEditorWithChar(A) [prevent]",
  "leer+kopie none       "m"          → toggleMute() [prevent]",
  "leer+kopie none       "M"          → toggleMute() [prevent]",
  "leer+kopie none       "r"          → toggleRecording() [prevent]",
  "leer+kopie none       "p"          → prepareRecording() [prevent]",
  "leer+kopie none       "g"          → toggleGrid() [prevent]",
  "leer+kopie none       "?"          → showHelp() [prevent]",
  "leer+kopie none       " "          → togglePlayPause() [prevent]",
  "leer+kopie none       "d"          → openTextEditorWithChar(d) [prevent]",
  "leer+kopie none       "c"          → openTextEditorWithChar(c) [prevent]",
  "leer+kopie none       "v"          → openTextEditorWithChar(v) [prevent]",
  "leer+kopie none       "z"          → openTextEditorWithChar(z) [prevent]",
  "leer+kopie none       "Z"          → openTextEditorWithChar(Z) [prevent]",
  "leer+kopie none       "y"          → openTextEditorWithChar(y) [prevent]",
  "leer+kopie none       "1"          → openTextEditorWithChar(1) [prevent]",
  "leer+kopie none       "ä"          → openTextEditorWithChar(ä) [prevent]",
  "leer+kopie none       "ArrowUp"    → –",
  "leer+kopie none       "ArrowDown"  → –",
  "leer+kopie none       "ArrowLeft"  → previousTrack() [prevent]",
  "leer+kopie none       "ArrowRight" → nextTrack() [prevent]",
  "leer+kopie none       "Delete"     → –",
  "leer+kopie none       "Backspace"  → –",
  "leer+kopie none       "Escape"     → deselectAll() [prevent]",
  "leer+kopie none       "Enter"      → –",
  "leer+kopie none       "Tab"        → –",
  "leer+kopie ctrl       "a"          → –",
  "leer+kopie ctrl       "A"          → –",
  "leer+kopie ctrl       "m"          → –",
  "leer+kopie ctrl       "M"          → –",
  "leer+kopie ctrl       "r"          → –",
  "leer+kopie ctrl       "p"          → –",
  "leer+kopie ctrl       "g"          → –",
  "leer+kopie ctrl       "?"          → –",
  "leer+kopie ctrl       " "          → togglePlayPause() [prevent]",
  "leer+kopie ctrl       "d"          → –",
  "leer+kopie ctrl       "c"          → –",
  "leer+kopie ctrl       "v"          → pasteObject() [prevent]",
  "leer+kopie ctrl       "z"          → undo() [prevent]",
  "leer+kopie ctrl       "Z"          → undo() [prevent]",
  "leer+kopie ctrl       "y"          → redo() [prevent]",
  "leer+kopie ctrl       "1"          → –",
  "leer+kopie ctrl       "ä"          → –",
  "leer+kopie ctrl       "ArrowUp"    → –",
  "leer+kopie ctrl       "ArrowDown"  → –",
  "leer+kopie ctrl       "ArrowLeft"  → previousTrack() [prevent]",
  "leer+kopie ctrl       "ArrowRight" → nextTrack() [prevent]",
  "leer+kopie ctrl       "Delete"     → –",
  "leer+kopie ctrl       "Backspace"  → –",
  "leer+kopie ctrl       "Escape"     → deselectAll() [prevent]",
  "leer+kopie ctrl       "Enter"      → –",
  "leer+kopie ctrl       "Tab"        → –",
  "leer+kopie meta       "a"          → –",
  "leer+kopie meta       "A"          → –",
  "leer+kopie meta       "m"          → –",
  "leer+kopie meta       "M"          → –",
  "leer+kopie meta       "r"          → –",
  "leer+kopie meta       "p"          → –",
  "leer+kopie meta       "g"          → –",
  "leer+kopie meta       "?"          → –",
  "leer+kopie meta       " "          → togglePlayPause() [prevent]",
  "leer+kopie meta       "d"          → –",
  "leer+kopie meta       "c"          → –",
  "leer+kopie meta       "v"          → pasteObject() [prevent]",
  "leer+kopie meta       "z"          → undo() [prevent]",
  "leer+kopie meta       "Z"          → undo() [prevent]",
  "leer+kopie meta       "y"          → redo() [prevent]",
  "leer+kopie meta       "1"          → –",
  "leer+kopie meta       "ä"          → –",
  "leer+kopie meta       "ArrowUp"    → –",
  "leer+kopie meta       "ArrowDown"  → –",
  "leer+kopie meta       "ArrowLeft"  → previousTrack() [prevent]",
  "leer+kopie meta       "ArrowRight" → nextTrack() [prevent]",
  "leer+kopie meta       "Delete"     → –",
  "leer+kopie meta       "Backspace"  → –",
  "leer+kopie meta       "Escape"     → deselectAll() [prevent]",
  "leer+kopie meta       "Enter"      → –",
  "leer+kopie meta       "Tab"        → –",
  "leer+kopie shift      "a"          → –",
  "leer+kopie shift      "A"          → –",
  "leer+kopie shift      "m"          → –",
  "leer+kopie shift      "M"          → –",
  "leer+kopie shift      "r"          → –",
  "leer+kopie shift      "p"          → –",
  "leer+kopie shift      "g"          → –",
  "leer+kopie shift      "?"          → –",
  "leer+kopie shift      " "          → togglePlayPause() [prevent]",
  "leer+kopie shift      "d"          → –",
  "leer+kopie shift      "c"          → –",
  "leer+kopie shift      "v"          → –",
  "leer+kopie shift      "z"          → –",
  "leer+kopie shift      "Z"          → –",
  "leer+kopie shift      "y"          → –",
  "leer+kopie shift      "1"          → –",
  "leer+kopie shift      "ä"          → –",
  "leer+kopie shift      "ArrowUp"    → –",
  "leer+kopie shift      "ArrowDown"  → –",
  "leer+kopie shift      "ArrowLeft"  → previousTrack() [prevent]",
  "leer+kopie shift      "ArrowRight" → nextTrack() [prevent]",
  "leer+kopie shift      "Delete"     → –",
  "leer+kopie shift      "Backspace"  → –",
  "leer+kopie shift      "Escape"     → deselectAll() [prevent]",
  "leer+kopie shift      "Enter"      → –",
  "leer+kopie shift      "Tab"        → –",
  "leer+kopie alt        "a"          → –",
  "leer+kopie alt        "A"          → –",
  "leer+kopie alt        "m"          → toggleMute() [prevent]",
  "leer+kopie alt        "M"          → toggleMute() [prevent]",
  "leer+kopie alt        "r"          → toggleRecording() [prevent]",
  "leer+kopie alt        "p"          → prepareRecording() [prevent]",
  "leer+kopie alt        "g"          → toggleGrid() [prevent]",
  "leer+kopie alt        "?"          → showHelp() [prevent]",
  "leer+kopie alt        " "          → togglePlayPause() [prevent]",
  "leer+kopie alt        "d"          → –",
  "leer+kopie alt        "c"          → –",
  "leer+kopie alt        "v"          → –",
  "leer+kopie alt        "z"          → –",
  "leer+kopie alt        "Z"          → –",
  "leer+kopie alt        "y"          → –",
  "leer+kopie alt        "1"          → –",
  "leer+kopie alt        "ä"          → –",
  "leer+kopie alt        "ArrowUp"    → –",
  "leer+kopie alt        "ArrowDown"  → –",
  "leer+kopie alt        "ArrowLeft"  → previousTrack() [prevent]",
  "leer+kopie alt        "ArrowRight" → nextTrack() [prevent]",
  "leer+kopie alt        "Delete"     → –",
  "leer+kopie alt        "Backspace"  → –",
  "leer+kopie alt        "Escape"     → deselectAll() [prevent]",
  "leer+kopie alt        "Enter"      → –",
  "leer+kopie alt        "Tab"        → –",
  "leer+kopie ctrl+shift "a"          → –",
  "leer+kopie ctrl+shift "A"          → –",
  "leer+kopie ctrl+shift "m"          → –",
  "leer+kopie ctrl+shift "M"          → –",
  "leer+kopie ctrl+shift "r"          → –",
  "leer+kopie ctrl+shift "p"          → –",
  "leer+kopie ctrl+shift "g"          → –",
  "leer+kopie ctrl+shift "?"          → –",
  "leer+kopie ctrl+shift " "          → togglePlayPause() [prevent]",
  "leer+kopie ctrl+shift "d"          → –",
  "leer+kopie ctrl+shift "c"          → –",
  "leer+kopie ctrl+shift "v"          → pasteObject() [prevent]",
  "leer+kopie ctrl+shift "z"          → redo() [prevent]",
  "leer+kopie ctrl+shift "Z"          → redo() [prevent]",
  "leer+kopie ctrl+shift "y"          → redo() [prevent]",
  "leer+kopie ctrl+shift "1"          → –",
  "leer+kopie ctrl+shift "ä"          → –",
  "leer+kopie ctrl+shift "ArrowUp"    → –",
  "leer+kopie ctrl+shift "ArrowDown"  → –",
  "leer+kopie ctrl+shift "ArrowLeft"  → previousTrack() [prevent]",
  "leer+kopie ctrl+shift "ArrowRight" → nextTrack() [prevent]",
  "leer+kopie ctrl+shift "Delete"     → –",
  "leer+kopie ctrl+shift "Backspace"  → –",
  "leer+kopie ctrl+shift "Escape"     → deselectAll() [prevent]",
  "leer+kopie ctrl+shift "Enter"      → –",
  "leer+kopie ctrl+shift "Tab"        → –",
  "leer+kopie ctrl+alt   "a"          → –",
  "leer+kopie ctrl+alt   "A"          → –",
  "leer+kopie ctrl+alt   "m"          → –",
  "leer+kopie ctrl+alt   "M"          → –",
  "leer+kopie ctrl+alt   "r"          → –",
  "leer+kopie ctrl+alt   "p"          → –",
  "leer+kopie ctrl+alt   "g"          → –",
  "leer+kopie ctrl+alt   "?"          → –",
  "leer+kopie ctrl+alt   " "          → togglePlayPause() [prevent]",
  "leer+kopie ctrl+alt   "d"          → –",
  "leer+kopie ctrl+alt   "c"          → –",
  "leer+kopie ctrl+alt   "v"          → pasteObject() [prevent]",
  "leer+kopie ctrl+alt   "z"          → undo() [prevent]",
  "leer+kopie ctrl+alt   "Z"          → undo() [prevent]",
  "leer+kopie ctrl+alt   "y"          → redo() [prevent]",
  "leer+kopie ctrl+alt   "1"          → –",
  "leer+kopie ctrl+alt   "ä"          → –",
  "leer+kopie ctrl+alt   "ArrowUp"    → –",
  "leer+kopie ctrl+alt   "ArrowDown"  → –",
  "leer+kopie ctrl+alt   "ArrowLeft"  → previousTrack() [prevent]",
  "leer+kopie ctrl+alt   "ArrowRight" → nextTrack() [prevent]",
  "leer+kopie ctrl+alt   "Delete"     → –",
  "leer+kopie ctrl+alt   "Backspace"  → –",
  "leer+kopie ctrl+alt   "Escape"     → deselectAll() [prevent]",
  "leer+kopie ctrl+alt   "Enter"      → –",
  "leer+kopie ctrl+alt   "Tab"        → –",
  "bild+kopie none       "a"          → –",
  "bild+kopie none       "A"          → –",
  "bild+kopie none       "m"          → toggleMute() [prevent]",
  "bild+kopie none       "M"          → toggleMute() [prevent]",
  "bild+kopie none       "r"          → toggleRecording() [prevent]",
  "bild+kopie none       "p"          → prepareRecording() [prevent]",
  "bild+kopie none       "g"          → toggleGrid() [prevent]",
  "bild+kopie none       "?"          → showHelp() [prevent]",
  "bild+kopie none       " "          → togglePlayPause() [prevent]",
  "bild+kopie none       "d"          → –",
  "bild+kopie none       "c"          → –",
  "bild+kopie none       "v"          → –",
  "bild+kopie none       "z"          → –",
  "bild+kopie none       "Z"          → –",
  "bild+kopie none       "y"          → –",
  "bild+kopie none       "1"          → –",
  "bild+kopie none       "ä"          → –",
  "bild+kopie none       "ArrowUp"    → moveSelectedObject("arrowup", false) [prevent]",
  "bild+kopie none       "ArrowDown"  → moveSelectedObject("arrowdown", false) [prevent]",
  "bild+kopie none       "ArrowLeft"  → moveSelectedObject("arrowleft", false) [prevent]",
  "bild+kopie none       "ArrowRight" → moveSelectedObject("arrowright", false) [prevent]",
  "bild+kopie none       "Delete"     → deleteSelectedObject() [prevent]",
  "bild+kopie none       "Backspace"  → deleteSelectedObject() [prevent]",
  "bild+kopie none       "Escape"     → deselectAll() [prevent]",
  "bild+kopie none       "Enter"      → –",
  "bild+kopie none       "Tab"        → –",
  "bild+kopie ctrl       "a"          → –",
  "bild+kopie ctrl       "A"          → –",
  "bild+kopie ctrl       "m"          → –",
  "bild+kopie ctrl       "M"          → –",
  "bild+kopie ctrl       "r"          → –",
  "bild+kopie ctrl       "p"          → –",
  "bild+kopie ctrl       "g"          → –",
  "bild+kopie ctrl       "?"          → –",
  "bild+kopie ctrl       " "          → togglePlayPause() [prevent]",
  "bild+kopie ctrl       "d"          → duplicateSelectedObject() [prevent]",
  "bild+kopie ctrl       "c"          → copySelectedObject() [prevent]",
  "bild+kopie ctrl       "v"          → pasteObject() [prevent]",
  "bild+kopie ctrl       "z"          → undo() [prevent]",
  "bild+kopie ctrl       "Z"          → undo() [prevent]",
  "bild+kopie ctrl       "y"          → redo() [prevent]",
  "bild+kopie ctrl       "1"          → –",
  "bild+kopie ctrl       "ä"          → –",
  "bild+kopie ctrl       "ArrowUp"    → resizeSelectedObject("arrowup", false) [prevent]",
  "bild+kopie ctrl       "ArrowDown"  → resizeSelectedObject("arrowdown", false) [prevent]",
  "bild+kopie ctrl       "ArrowLeft"  → resizeSelectedObject("arrowleft", false) [prevent]",
  "bild+kopie ctrl       "ArrowRight" → resizeSelectedObject("arrowright", false) [prevent]",
  "bild+kopie ctrl       "Delete"     → deleteSelectedObject() [prevent]",
  "bild+kopie ctrl       "Backspace"  → deleteSelectedObject() [prevent]",
  "bild+kopie ctrl       "Escape"     → deselectAll() [prevent]",
  "bild+kopie ctrl       "Enter"      → –",
  "bild+kopie ctrl       "Tab"        → –",
  "bild+kopie meta       "a"          → –",
  "bild+kopie meta       "A"          → –",
  "bild+kopie meta       "m"          → –",
  "bild+kopie meta       "M"          → –",
  "bild+kopie meta       "r"          → –",
  "bild+kopie meta       "p"          → –",
  "bild+kopie meta       "g"          → –",
  "bild+kopie meta       "?"          → –",
  "bild+kopie meta       " "          → togglePlayPause() [prevent]",
  "bild+kopie meta       "d"          → duplicateSelectedObject() [prevent]",
  "bild+kopie meta       "c"          → copySelectedObject() [prevent]",
  "bild+kopie meta       "v"          → pasteObject() [prevent]",
  "bild+kopie meta       "z"          → undo() [prevent]",
  "bild+kopie meta       "Z"          → undo() [prevent]",
  "bild+kopie meta       "y"          → redo() [prevent]",
  "bild+kopie meta       "1"          → –",
  "bild+kopie meta       "ä"          → –",
  "bild+kopie meta       "ArrowUp"    → resizeSelectedObject("arrowup", false) [prevent]",
  "bild+kopie meta       "ArrowDown"  → resizeSelectedObject("arrowdown", false) [prevent]",
  "bild+kopie meta       "ArrowLeft"  → resizeSelectedObject("arrowleft", false) [prevent]",
  "bild+kopie meta       "ArrowRight" → resizeSelectedObject("arrowright", false) [prevent]",
  "bild+kopie meta       "Delete"     → deleteSelectedObject() [prevent]",
  "bild+kopie meta       "Backspace"  → deleteSelectedObject() [prevent]",
  "bild+kopie meta       "Escape"     → deselectAll() [prevent]",
  "bild+kopie meta       "Enter"      → –",
  "bild+kopie meta       "Tab"        → –",
  "bild+kopie shift      "a"          → –",
  "bild+kopie shift      "A"          → –",
  "bild+kopie shift      "m"          → –",
  "bild+kopie shift      "M"          → –",
  "bild+kopie shift      "r"          → –",
  "bild+kopie shift      "p"          → –",
  "bild+kopie shift      "g"          → –",
  "bild+kopie shift      "?"          → –",
  "bild+kopie shift      " "          → togglePlayPause() [prevent]",
  "bild+kopie shift      "d"          → –",
  "bild+kopie shift      "c"          → –",
  "bild+kopie shift      "v"          → –",
  "bild+kopie shift      "z"          → –",
  "bild+kopie shift      "Z"          → –",
  "bild+kopie shift      "y"          → –",
  "bild+kopie shift      "1"          → –",
  "bild+kopie shift      "ä"          → –",
  "bild+kopie shift      "ArrowUp"    → moveSelectedObject("arrowup", true) [prevent]",
  "bild+kopie shift      "ArrowDown"  → moveSelectedObject("arrowdown", true) [prevent]",
  "bild+kopie shift      "ArrowLeft"  → moveSelectedObject("arrowleft", true) [prevent]",
  "bild+kopie shift      "ArrowRight" → moveSelectedObject("arrowright", true) [prevent]",
  "bild+kopie shift      "Delete"     → deleteSelectedObject() [prevent]",
  "bild+kopie shift      "Backspace"  → deleteSelectedObject() [prevent]",
  "bild+kopie shift      "Escape"     → deselectAll() [prevent]",
  "bild+kopie shift      "Enter"      → –",
  "bild+kopie shift      "Tab"        → –",
  "bild+kopie alt        "a"          → –",
  "bild+kopie alt        "A"          → –",
  "bild+kopie alt        "m"          → toggleMute() [prevent]",
  "bild+kopie alt        "M"          → toggleMute() [prevent]",
  "bild+kopie alt        "r"          → toggleRecording() [prevent]",
  "bild+kopie alt        "p"          → prepareRecording() [prevent]",
  "bild+kopie alt        "g"          → toggleGrid() [prevent]",
  "bild+kopie alt        "?"          → showHelp() [prevent]",
  "bild+kopie alt        " "          → togglePlayPause() [prevent]",
  "bild+kopie alt        "d"          → –",
  "bild+kopie alt        "c"          → –",
  "bild+kopie alt        "v"          → –",
  "bild+kopie alt        "z"          → –",
  "bild+kopie alt        "Z"          → –",
  "bild+kopie alt        "y"          → –",
  "bild+kopie alt        "1"          → –",
  "bild+kopie alt        "ä"          → –",
  "bild+kopie alt        "ArrowUp"    → moveSelectedObject("arrowup", false) [prevent]",
  "bild+kopie alt        "ArrowDown"  → moveSelectedObject("arrowdown", false) [prevent]",
  "bild+kopie alt        "ArrowLeft"  → moveSelectedObject("arrowleft", false) [prevent]",
  "bild+kopie alt        "ArrowRight" → moveSelectedObject("arrowright", false) [prevent]",
  "bild+kopie alt        "Delete"     → deleteSelectedObject() [prevent]",
  "bild+kopie alt        "Backspace"  → deleteSelectedObject() [prevent]",
  "bild+kopie alt        "Escape"     → deselectAll() [prevent]",
  "bild+kopie alt        "Enter"      → –",
  "bild+kopie alt        "Tab"        → –",
  "bild+kopie ctrl+shift "a"          → –",
  "bild+kopie ctrl+shift "A"          → –",
  "bild+kopie ctrl+shift "m"          → –",
  "bild+kopie ctrl+shift "M"          → –",
  "bild+kopie ctrl+shift "r"          → –",
  "bild+kopie ctrl+shift "p"          → –",
  "bild+kopie ctrl+shift "g"          → –",
  "bild+kopie ctrl+shift "?"          → –",
  "bild+kopie ctrl+shift " "          → togglePlayPause() [prevent]",
  "bild+kopie ctrl+shift "d"          → duplicateSelectedObject() [prevent]",
  "bild+kopie ctrl+shift "c"          → copySelectedObject() [prevent]",
  "bild+kopie ctrl+shift "v"          → pasteObject() [prevent]",
  "bild+kopie ctrl+shift "z"          → redo() [prevent]",
  "bild+kopie ctrl+shift "Z"          → redo() [prevent]",
  "bild+kopie ctrl+shift "y"          → redo() [prevent]",
  "bild+kopie ctrl+shift "1"          → –",
  "bild+kopie ctrl+shift "ä"          → –",
  "bild+kopie ctrl+shift "ArrowUp"    → resizeSelectedObject("arrowup", true) [prevent]",
  "bild+kopie ctrl+shift "ArrowDown"  → resizeSelectedObject("arrowdown", true) [prevent]",
  "bild+kopie ctrl+shift "ArrowLeft"  → resizeSelectedObject("arrowleft", true) [prevent]",
  "bild+kopie ctrl+shift "ArrowRight" → resizeSelectedObject("arrowright", true) [prevent]",
  "bild+kopie ctrl+shift "Delete"     → deleteSelectedObject() [prevent]",
  "bild+kopie ctrl+shift "Backspace"  → deleteSelectedObject() [prevent]",
  "bild+kopie ctrl+shift "Escape"     → deselectAll() [prevent]",
  "bild+kopie ctrl+shift "Enter"      → –",
  "bild+kopie ctrl+shift "Tab"        → –",
  "bild+kopie ctrl+alt   "a"          → –",
  "bild+kopie ctrl+alt   "A"          → –",
  "bild+kopie ctrl+alt   "m"          → –",
  "bild+kopie ctrl+alt   "M"          → –",
  "bild+kopie ctrl+alt   "r"          → –",
  "bild+kopie ctrl+alt   "p"          → –",
  "bild+kopie ctrl+alt   "g"          → –",
  "bild+kopie ctrl+alt   "?"          → –",
  "bild+kopie ctrl+alt   " "          → togglePlayPause() [prevent]",
  "bild+kopie ctrl+alt   "d"          → duplicateSelectedObject() [prevent]",
  "bild+kopie ctrl+alt   "c"          → copySelectedObject() [prevent]",
  "bild+kopie ctrl+alt   "v"          → pasteObject() [prevent]",
  "bild+kopie ctrl+alt   "z"          → undo() [prevent]",
  "bild+kopie ctrl+alt   "Z"          → undo() [prevent]",
  "bild+kopie ctrl+alt   "y"          → redo() [prevent]",
  "bild+kopie ctrl+alt   "1"          → –",
  "bild+kopie ctrl+alt   "ä"          → –",
  "bild+kopie ctrl+alt   "ArrowUp"    → resizeSelectedObject("arrowup", false) [prevent]",
  "bild+kopie ctrl+alt   "ArrowDown"  → resizeSelectedObject("arrowdown", false) [prevent]",
  "bild+kopie ctrl+alt   "ArrowLeft"  → resizeSelectedObject("arrowleft", false) [prevent]",
  "bild+kopie ctrl+alt   "ArrowRight" → resizeSelectedObject("arrowright", false) [prevent]",
  "bild+kopie ctrl+alt   "Delete"     → deleteSelectedObject() [prevent]",
  "bild+kopie ctrl+alt   "Backspace"  → deleteSelectedObject() [prevent]",
  "bild+kopie ctrl+alt   "Escape"     → deselectAll() [prevent]",
  "bild+kopie ctrl+alt   "Enter"      → –",
  "bild+kopie ctrl+alt   "Tab"        → –",
]
`;
