// Vitest Snapshot v1, https://vitest.dev/guide/snapshot.html

exports[`useVideoPanel – API > liefert unverändert alle Schlüssel 1`] = `
[
  "addVideoDirectly",
  "addVideoToCanvas",
  "animationDuration",
  "canvasVideos",
  "clearAllVideos",
  "connectVideoAudioForRecording",
  "deleteVideo",
  "fileInputRef",
  "formatDuration",
  "formatTime",
  "generateThumbnail",
  "handleDrop",
  "handleVideoUpload",
  "hasVideoBackground",
  "isVideoActive",
  "isVideoBackgroundPlaying",
  "isWsVideoBackgroundPlaying",
  "locale",
  "pauseAllVideos",
  "playAllVideos",
  "processVideoFile",
  "removeCanvasVideo",
  "removeVideoBackground",
  "removeWsVideoBackground",
  "seekBackward",
  "seekBackwardBg",
  "seekBackwardWsBg",
  "seekForward",
  "seekForwardBg",
  "seekForwardWsBg",
  "seekToTime",
  "seekVideoBackground",
  "seekWsVideoBackground",
  "selectCanvasVideo",
  "selectVideo",
  "selectedAnimation",
  "selectedCanvasVideo",
  "selectedVideoCurrentTime",
  "selectedVideoDuration",
  "selectedVideoIndex",
  "selectedVideoVolume",
  "setVideoAsBackground",
  "setVideoAsWorkspaceBackground",
  "togglePlayVideo",
  "toggleVideoBackground",
  "toggleWsVideoBackground",
  "triggerFileInput",
  "updateBgVideoVolume",
  "updateVideoVolume",
  "updateWsBgVideoVolume",
  "videoBackground",
  "videoBackgroundDuration",
  "videoBackgroundTime",
  "videoBackgroundVolume",
  "videoGallery",
  "videoLoop",
  "videoMuted",
  "videoScale",
  "videoTimeUpdateKey",
  "workspaceVideoBackground",
  "wsVideoBackgroundDuration",
  "wsVideoBackgroundTime",
  "wsVideoBackgroundVolume",
]
`;

exports[`useVideoPanel – Canvas-Videos > Auswahl, Zeit/Lautstärke, Steuerung, Entfernen 1`] = `
[
  "cm.setActiveObject <video1>",
  "cm.setActiveObject <video1>",
  "rec.connect <cv1> 0.4",
  "vm.playVideo 1",
  "vm.pauseVideo 2",
  "rec.connect <cv1> 0.4",
  "rec.connect <cv2> 0",
  "vm.playAll",
  "vm.pauseAll",
  "cv1.currentTime= 7.5",
  "cv1.currentTime= 0",
  "cv1.currentTime= 20",
  "cv1.muted= false",
  "cv1.volume= 0.5",
  "rec.connect <cv1> 0.5",
  "rec.setVolume <cv1> 0.5",
  "cv1.volume= 0",
  "cv1.muted= true",
  "rec.setVolume <cv1> 0",
  "rec.connect <cv2> 0",
  "rec.disconnect <cv1>",
  "vm.removeVideo 1",
  "cm.setActiveObject null",
]
`;

exports[`useVideoPanel – Galerie > Eingabe, Drop, Datei-Dialog, Vorschaubild 1`] = `
[
  "input.click",
  "URL.create a.mp4",
  "createVideo <v1>",
  "v1.src= blob:1",
  "v1.crossOrigin= anonymous",
  "v1.preload= metadata",
  "v1.onloadedmetadata=fn",
  "v1.onerror=fn",
  "v1.load",
  "URL.create b.mov",
  "createVideo <v2>",
  "v2.src= blob:2",
  "v2.crossOrigin= anonymous",
  "v2.preload= metadata",
  "v2.onloadedmetadata=fn",
  "v2.onerror=fn",
  "v2.load",
  "thumb.currentTime= 0.1",
]
`;

exports[`useVideoPanel – Galerie > Upload, Auswahl, Löschen, Leeren 1`] = `
[
  "URL.create Clip A.mp4",
  "createVideo <v1>",
  "v1.src= blob:1",
  "v1.crossOrigin= anonymous",
  "v1.preload= metadata",
  "v1.onloadedmetadata=fn",
  "v1.onerror=fn",
  "v1.load",
  "v1.duration= 12.5",
  "URL.create b.mp4",
  "createVideo <v2>",
  "v2.src= blob:2",
  "v2.crossOrigin= anonymous",
  "v2.preload= metadata",
  "v2.onloadedmetadata=fn",
  "v2.onerror=fn",
  "v2.load",
  "v2.duration= 3",
  "URL.create c.mp4",
  "createVideo <v3>",
  "v3.src= blob:3",
  "v3.crossOrigin= anonymous",
  "v3.preload= metadata",
  "v3.onloadedmetadata=fn",
  "v3.onerror=fn",
  "v3.load",
  "v3.duration= 4",
  "URL.revoke blob:1",
  "URL.revoke blob:2",
  "URL.create d.mp4",
  "createVideo <v4>",
  "v4.src= blob:4",
  "v4.crossOrigin= anonymous",
  "v4.preload= metadata",
  "v4.onloadedmetadata=fn",
  "v4.onerror=fn",
  "v4.load",
  "v4.duration= 12.5",
  "URL.revoke blob:4",
  "URL.revoke blob:3",
  "URL.create kaputt.webm",
  "createVideo <v5>",
  "v5.src= blob:5",
  "v5.crossOrigin= anonymous",
  "v5.preload= metadata",
  "v5.onloadedmetadata=fn",
  "v5.onerror=fn",
  "v5.load",
  "URL.revoke blob:5",
]
`;

exports[`useVideoPanel – Hintergrund-Videos > videoBackground: Zustand und Steuerung 1`] = `
[
  "bg.play",
  "bg.pause",
  "bg.currentTime= 2.5",
  "bg.currentTime= 0",
  "bg.currentTime= 10",
  "bg.volume= 0.8",
  "bg.muted= false",
  "rec.connect <bg> 0.8",
  "rec.setVolume <bg> 0.8",
  "bg.volume= 0",
  "bg.muted= true",
  "rec.setVolume <bg> 0",
  "bg.pause",
  "bg.src= ",
  "cm.redraw",
]
`;

exports[`useVideoPanel – Hintergrund-Videos > workspaceVideoBackground: Zustand und Steuerung 1`] = `
[
  "ws.play",
  "ws.pause",
  "ws.currentTime= 2.5",
  "ws.currentTime= 0",
  "ws.currentTime= 10",
  "ws.volume= 0.8",
  "ws.muted= false",
  "rec.connect <ws> 0.8",
  "rec.setVolume <ws> 0.8",
  "ws.volume= 0",
  "ws.muted= true",
  "rec.setVolume <ws> 0",
  "ws.pause",
  "ws.src= ",
  "cm.redraw",
]
`;

exports[`useVideoPanel – Platzieren > auf Canvas, als Hintergrund, als Workspace-Hintergrund 1`] = `
[
  "createVideo <v2>",
  "v2.src= blob:1",
  "v2.crossOrigin= anonymous",
  "v2.preload= auto",
  "v2.muted= false",
  "v2.loop= false",
  "v2.onloadeddata=fn",
  "v2.onerror=fn",
  "v2.load",
  "vm.addVideo <v2> {"relWidth":0.6666666666666666,"loop":false,"muted":false,"animation":"fade","animationDuration":800}",
  "createVideo <v3>",
  "v3.src= blob:1",
  "v3.crossOrigin= anonymous",
  "v3.preload= auto",
  "v3.muted= false",
  "v3.loop= false",
  "v3.volume= 1",
  "v3.onloadeddata=fn",
  "v3.onerror=fn",
  "v3.load",
  "cm.setVideoBackground <v3>",
  "rec.connect <v3> 1",
  "createVideo <v4>",
  "v4.src= blob:1",
  "v4.crossOrigin= anonymous",
  "v4.preload= auto",
  "v4.muted= true",
  "v4.loop= false",
  "v4.volume= 1",
  "v4.onloadeddata=fn",
  "v4.onerror=fn",
  "v4.load",
  "cm.setWorkspaceVideoBackground <v4>",
]
`;

exports[`useVideoPanel – Stumm/Wiederholen für alle Videos > überträgt Einstellungen auf Canvas- und Hintergrund-Videos 1`] = `
[
  "cv.muted= true",
  "bg.muted= true",
  "ws.muted= true",
  "cv.muted= false",
  "cv.volume= 1",
  "rec.connect <cv> 1",
  "bg.muted= false",
  "bg.volume= 1",
  "rec.connect <bg> 1",
  "ws.muted= false",
  "rec.connect <ws> 0.3",
  "cv.loop= false",
  "bg.loop= false",
  "ws.loop= false",
  "cv.loop= true",
  "bg.loop= true",
  "ws.loop= true",
]
`;
